// Jest Snapshot v1, https://goo.gl/fbAQLP

exports[`StepperGroup test Matches the snapshot 1`] = `
<div>
  <div
    class="makeStyles-root-1"
    data-testid="stepper-group"
  >
    <div
      data-testid="stepper"
      style="display: flex; align-items: center;"
    >
      <div
        class="MuiAvatar-root MuiAvatar-circle makeStyles-unvisited-3 MuiAvatar-colorDefault"
        data-testid="label-number"
      >
        1
      </div>
      <p
        class="MuiTypography-root makeStyles-root-5 MuiTypography-body1"
        data-testid="stepper-label"
        style="color: rgb(95, 115, 129); font-size: 18px; margin-right: 15px;"
      >
        Your Location
      </p>
    </div>
    <div
      data-testid="stepper"
      style="display: flex; align-items: center;"
    >
      <div
        class="MuiAvatar-root MuiAvatar-circle makeStyles-unvisited-3 MuiAvatar-colorDefault"
        data-testid="label-number"
      >
        2
      </div>
      <p
        class="MuiTypography-root makeStyles-root-5 MuiTypography-body1"
        data-testid="stepper-label"
        style="color: rgb(95, 115, 129); font-size: 18px; margin-right: 15px;"
      >
        Job Location
      </p>
    </div>
    <div
      data-testid="stepper"
      style="display: flex; align-items: center;"
    >
      <div
        class="MuiAvatar-root MuiAvatar-circle makeStyles-unvisited-3 MuiAvatar-colorDefault"
        data-testid="label-number"
      >
        3
      </div>
      <p
        class="MuiTypography-root makeStyles-root-5 MuiTypography-body1"
        data-testid="stepper-label"
        style="color: rgb(95, 115, 129); font-size: 18px; margin-right: 15px;"
      >
        Your skills
      </p>
    </div>
  </div>
</div>
`;
