// Jest Snapshot v1, https://goo.gl/fbAQLP

exports[`Button test Matches the snapshot 1`] = `
<div>
  <button
    class="MuiButtonBase-root MuiButton-root MuiButton-contained makeStyles-small-2 makeStyles-common-5 MuiButton-containedPrimary"
    data-testid="button"
    tabindex="0"
    type="button"
  >
    <span
      class="MuiButton-label"
    >
      Test small
    </span>
    <span
      class="MuiTouchRipple-root"
    />
  </button>
</div>
`;
